   Compiling libc v0.2.189
    Checking cfg-if v1.0.4
    Checking zeroize v1.9.0
   Compiling proc-macro2 v1.0.107
   Compiling version_check v0.9.5
   Compiling quote v1.0.47
   Compiling generic-array v0.14.7
   Compiling unicode-ident v1.0.24
    Checking typenum v1.20.1
    Checking subtle v2.6.1
    Checking const-oid v0.9.6
    Checking base64ct v1.8.3
    Checking itoa v1.0.18
   Compiling syn v3.0.4
    Checking pem-rfc7468 v0.7.0
    Checking once_cell v1.21.4
    Checking der v0.7.10
    Checking block-buffer v0.10.4
   Compiling autocfg v1.5.1
    Checking getrandom v0.2.17
    Checking rand_core v0.6.4
    Checking crypto-common v0.1.7
    Checking digest v0.10.7
   Compiling libm v0.2.16
   Compiling num-traits v0.2.19
    Checking cpufeatures v0.2.17
    Checking bytes v1.12.1
    Checking spki v0.7.3
    Checking pkcs8 v0.10.2
   Compiling shlex v2.0.1
   Compiling zerocopy v0.8.56
   Compiling find-msvc-tools v0.1.11
   Compiling serde_core v1.0.229
   Compiling cc v1.4.4
    Checking hmac v0.12.1
    Checking pin-project-lite v0.2.17
   Compiling vcpkg v0.2.15
   Compiling pkg-config v0.3.34
    Checking futures-core v0.3.34
    Checking hkdf v0.12.4
    Checking ff v0.13.1
    Checking smallvec v1.16.0
    Checking base16ct v0.2.0
   Compiling getrandom v0.3.4
   Compiling serde v1.0.229
    Checking bitflags v2.13.1
   Compiling serde_derive v1.0.229
    Checking sec1 v0.7.3
    Checking group v0.13.0
    Checking sha2 v0.10.9
    Checking signature v2.2.0
    Checking crypto-bigint v0.5.5
    Checking errno v0.3.14
    Checking spin v0.9.9
   Compiling zmij v1.0.23
    Checking lazy_static v1.5.0
    Checking signal-hook-registry v1.4.8
   Compiling tokio-macros v2.7.2
    Checking elliptic-curve v0.13.8
    Checking http v1.5.0
    Checking mio v1.2.3
    Checking socket2 v0.6.5
    Checking ppv-lite86 v0.2.21
   Compiling syn v2.0.119
   Compiling syn v1.0.109
   Compiling serde_json v1.0.151
    Checking rand_chacha v0.3.1
    Checking tokio v1.53.1
    Checking http-body v1.1.0
   Compiling openssl-sys v0.9.117
    Checking num-integer v0.1.47
    Checking rfc6979 v0.4.0
   Compiling num-bigint-dig v0.8.6
    Checking memchr v2.8.3
   Compiling getrandom v0.4.3
    Checking regex-syntax v0.8.11
    Checking num-iter v0.1.46
    Checking ecdsa v0.16.9
    Checking rand v0.8.8
   Compiling unicode-xid v0.2.6
    Checking log v0.4.34
    Checking tower-service v0.3.3
   Compiling thiserror v2.0.20
   Compiling httparse v1.10.1
    Checking regex-automata v0.4.18
    Checking primeorder v0.13.6
   Compiling thiserror-impl v2.0.20
   Compiling synstructure v0.12.6
    Checking pkcs1 v0.7.5
    Checking tracing-core v0.1.36
    Checking futures-task v0.3.34
    Checking httpdate v1.0.3
   Compiling openssl v0.10.81
   Compiling thiserror v1.0.69
    Checking mime v0.3.17
    Checking utf8parse v0.2.2
    Checking slab v0.4.12
   Compiling anyhow v1.0.104
    Checking tower-layer v0.3.3
    Checking fnv v1.0.7
    Checking iana-time-zone v0.1.65
   Compiling unicase v2.9.0
    Checking percent-encoding v2.3.2
    Checking foreign-types-shared v0.1.1
    Checking foreign-types v0.3.2
   Compiling mime_guess v2.0.5
    Checking chrono v0.4.45
    Checking futures-util v0.3.34
    Checking anstyle-parse v1.0.0
   Compiling der_derive v0.4.1
    Checking tracing v0.1.44
    Checking rsa v0.9.10
    Checking regex v1.13.1
   Compiling thiserror-impl v1.0.69
   Compiling openssl-macros v0.1.1
    Checking http-body-util v0.1.5
    Checking futures-channel v0.3.34
   Compiling libsqlite3-sys v0.35.0
    Checking hmac-sha512 v1.1.13
    Checking hmac-sha256 v1.1.15
    Checking base64 v0.13.1
    Checking atomic-waker v1.1.2
    Checking anstyle-query v1.1.5
    Checking colorchoice v1.0.5
    Checking anstyle v1.0.14
    Checking constant_time_eq v0.4.2
    Checking const-oid v0.6.2
    Checking sync_wrapper v1.0.2
    Checking siphasher v1.0.3
    Checking arrayvec v0.7.8
    Checking base64 v0.22.1
    Checking foldhash v0.1.5
    Checking ct-codecs v1.1.8
    Checking is_terminal_polyfill v1.70.2
    Checking anstream v1.0.0
    Checking hashbrown v0.15.5
    Checking ed25519-compact v2.6.0
    Checking blake2b_simd v1.0.5
    Checking phf_shared v0.12.1
    Checking der v0.4.5
    Checking pem v0.8.3
    Checking hyper v1.11.1
    Checking superboring v0.1.4
    Checking form_urlencoded v1.2.2
    Checking p384 v0.13.1
    Checking p256 v0.13.2
    Checking k256 v0.13.4
    Checking coarsetime v0.1.38
    Checking byteorder v1.5.0
    Checking clap_lex v1.1.0
    Checking futures-sink v0.3.34
    Checking strsim v0.11.1
   Compiling heck v0.5.0
    Checking hmac-sha1-compact v1.1.8
    Checking binstring v0.1.8
    Checking hex v0.4.3
    Checking ryu v1.0.23
   Compiling chrono-tz v0.10.4
    Checking serde_urlencoded v0.7.1
    Checking jwt-simple v0.12.11
   Compiling clap_derive v4.6.4
    Checking clap_builder v4.6.6
    Checking ece v2.4.2
    Checking tokio-util v0.7.19
    Checking hyper-util v0.1.20
    Checking sec1_decode v0.1.0
    Checking hashlink v0.10.0
    Checking phf v0.12.1
    Checking pem v3.0.6
    Checking tower v0.5.3
    Checking axum-core v0.5.6
    Checking http v0.2.12
    Checking serde_path_to_error v0.1.20
   Compiling async-trait v0.1.92
    Checking fallible-iterator v0.3.0
    Checking matchit v0.8.4
    Checking winnow v0.6.26
    Checking http-range-header v0.4.2
    Checking fallible-streaming-iterator v0.1.9
    Checking tower-http v0.6.11
    Checking web-push v0.11.0
    Checking axum v0.8.9
    Checking clap v4.6.6
    Checking cron v0.15.0
    Checking uuid v1.26.0
    Checking bokkie-operator-api v0.1.0 (/nvme/development/bokkie-worktrees/rust-1.99.0/crates/bokkie-operator-api)
    Checking base64 v0.23.1
   Compiling rustix v1.1.4
    Checking rand_core v0.9.5
    Checking inout v0.1.4
    Checking linux-raw-sys v0.12.1
    Checking cipher v0.4.4
    Checking universal-hash v0.5.1
    Checking opaque-debug v0.3.1
    Checking fastrand v2.5.0
    Checking polyval v0.6.2
    Checking wait-timeout v0.2.1
    Checking bit-vec v0.8.0
    Checking quick-error v1.2.3
    Checking bit-set v0.8.0
    Checking ghash v0.5.1
    Checking ctr v0.9.2
    Checking rusqlite v0.37.0
    Checking aes v0.8.4
    Checking rand v0.9.5
    Checking rand_chacha v0.9.0
    Checking rand_xorshift v0.4.0
    Checking bokkie v0.1.0 (/nvme/development/bokkie-worktrees/rust-1.99.0)
    Checking aead v0.5.2
    Checking tempfile v3.27.0
    Checking unarray v0.1.4
    Checking aes-gcm v0.10.3
    Checking rusty-fork v0.3.1
    Checking proptest v1.7.0
    Finished `dev` profile [unoptimized + debuginfo] target(s) in 14.64s
