    Blocking waiting for file lock on artifact directory
   Compiling proc-macro2 v1.0.107
   Compiling unicode-ident v1.0.24
   Compiling quote v1.0.47
    Checking cfg-if v1.0.4
   Compiling serde_core v1.0.229
   Compiling serde v1.0.229
    Checking once_cell v1.21.4
    Checking log v0.4.34
    Checking bitflags v2.13.1
   Compiling libc v0.2.189
    Checking libloading v0.8.9
   Compiling find-msvc-tools v0.1.11
   Compiling pkg-config v0.3.34
   Compiling syn v3.0.4
   Compiling syn v2.0.119
   Compiling shlex v2.0.1
   Compiling cc v1.4.4
   Compiling libm v0.2.16
   Compiling autocfg v1.5.1
   Compiling rustix v1.1.4
   Compiling num-traits v0.2.19
   Compiling wayland-sys v0.31.11
    Checking dlib v0.5.3
    Checking linux-raw-sys v0.12.1
   Compiling serde_derive v1.0.229
   Compiling bytemuck_derive v1.12.0
    Checking bytemuck v1.25.2
   Compiling thiserror v2.0.20
   Compiling cfg_aliases v0.2.2
   Compiling thiserror-impl v2.0.20
   Compiling wayland-backend v0.3.17
    Checking foldhash v0.2.0
   Compiling memchr v2.8.3
    Checking scoped-tls v1.0.1
    Checking downcast-rs v1.2.1
   Compiling quick-xml v0.41.0
   Compiling wayland-client v0.31.15
    Checking smallvec v1.16.0
   Compiling zerocopy v0.8.56
    Checking arrayvec v0.7.8
    Checking hashbrown v0.17.1
   Compiling zerocopy-derive v0.8.56
   Compiling wayland-scanner v0.31.11
   Compiling synstructure v0.13.2
   Compiling parking_lot_core v0.9.12
    Checking equivalent v1.0.2
    Checking scopeguard v1.2.0
    Checking lock_api v0.4.14
   Compiling zerofrom-derive v0.1.7
    Checking parking_lot v0.12.5
   Compiling yoke-derive v0.8.2
    Checking zerofrom v0.1.8
   Compiling tracing-attributes v0.1.31
    Checking tracing-core v0.1.36
    Checking stable_deref_trait v1.2.1
    Checking pin-project-lite v0.2.17
    Checking yoke v0.8.3
    Checking indexmap v2.14.1
    Checking wayland-protocols v0.32.13
    Checking tracing v0.1.44
    Checking polling v3.11.0
    Checking raw-window-handle v0.6.2
    Checking slab v0.4.12
    Checking rustc-hash v1.1.0
   Compiling naga v30.0.1
    Checking naga-types v30.0.1
   Compiling zerovec-derive v0.11.6
    Checking simd-adler32 v0.3.10
   Compiling ash v0.38.0+1.3.281
    Checking profiling v1.0.18
    Checking bit-vec v0.9.1
    Checking unicode-width v0.2.2
    Checking codespan-reporting v0.13.1
    Checking bit-set v0.10.0
    Checking zerovec v0.11.8
    Checking polycool v0.4.0
    Checking half v2.7.1
   Compiling displaydoc v0.2.7
    Checking spirv v0.4.0+sdk-1.4.341.0
   Compiling thiserror v1.0.69
    Checking static_assertions v1.1.0
   Compiling getrandom v0.3.4
   Compiling crc32fast v1.5.1
   Compiling rustix v0.38.44
    Checking adler2 v2.0.1
    Checking percent-encoding v2.3.2
    Checking allocator-api2 v0.2.21
   Compiling khronos-egl v6.0.0
    Checking itoa v1.0.18
   Compiling version_check v0.9.5
    Checking hashbrown v0.16.1
   Compiling ahash v0.8.12
    Checking wgpu-types v30.0.1
    Checking kurbo v0.13.1
    Checking font-types v0.12.4
   Compiling thiserror-impl v1.0.69
   Compiling wgpu-hal v30.0.1
    Checking euclid v0.22.14
    Checking color v0.3.3
    Checking presser v0.3.1
   Compiling getrandom v0.4.3
    Checking xkeysym v0.2.1
    Checking cursor-icon v1.2.0
    Checking linux-raw-sys v0.4.15
   Compiling zmij v1.0.23
    Checking linebender_resource_handle v0.1.1
    Checking xcursor v0.3.11
    Checking peniko v0.6.1
    Checking wayland-cursor v0.31.14
    Checking wayland-csd-frame v0.3.0
    Checking guillotiere v0.7.0
    Checking read-fonts v0.41.0
    Checking wayland-protocols-wlr v0.3.12
    Checking wgpu-naga-bridge v30.0.1
    Checking miniz_oxide v0.9.1
    Checking ordered-float v5.5.0
    Checking memmap2 v0.9.11
    Checking glow v0.17.0
   Compiling unicode-general-category v1.1.0
   Compiling serde_json v1.0.151
    Checking fearless_simd v0.4.1
    Checking renderdoc-sys v1.1.0
   Compiling litrs v1.0.0
   Compiling document-features v0.2.12
    Checking flate2 v1.1.10
    Checking calloop v0.13.0
    Checking gpu-allocator v0.28.0
    Checking tinystr v0.8.4
    Checking emath v0.36.1
    Checking gethostname v1.1.0
   Compiling wgpu-core v30.0.1
   Compiling ring v0.17.14
   Compiling x11-dl v2.21.0
    Checking as-raw-xcb-connection v1.0.1
    Checking litemap v0.8.3
    Checking x11rb-protocol v0.13.2
    Checking vello_common v0.1.0
   Compiling smithay-client-toolkit v0.19.2
    Checking writeable v0.6.4
    Checking vello_cpu v0.1.0
    Checking icu_locale_core v2.3.0
    Checking wgpu-core-deps-windows-linux-android v30.0.1
    Checking ecolor v0.36.1
    Checking calloop-wayland-source v0.3.0
    Checking uuid v1.26.0
    Checking harfrust v0.12.0
    Checking skrifa v0.44.0
    Checking zerotrie v0.2.5
    Checking potential_utf v0.1.6
   Compiling enumn v0.1.14
   Compiling winit v0.30.13
   Compiling wgpu v30.0.1
   Compiling crossbeam-utils v0.8.22
   Compiling icu_properties_data v2.3.0
    Checking nohash-hasher v0.2.0
   Compiling icu_normalizer_data v2.3.0
    Checking self_cell v1.3.0
    Checking zeroize v1.9.0
    Checking utf8_iter v1.0.4
    Checking unicode-segmentation v1.13.3
    Checking web-time v1.1.0
    Checking either v1.18.0
    Checking epaint_default_fonts v0.36.1
    Checking rustls-pki-types v1.15.1
    Checking itertools v0.15.0
    Checking epaint v0.36.1
    Checking icu_collections v2.3.0
    Checking accesskit v0.24.1
    Checking icu_provider v2.3.1
    Checking xkbcommon-dl v0.4.2
    Checking wayland-protocols-plasma v0.3.12
    Checking x11rb v0.13.2
    Checking miniz_oxide v0.8.9
    Checking fdeflate v0.3.7
    Checking calloop v0.14.4
    Checking getrandom v0.2.17
    Checking pxfm v0.1.30
   Compiling httparse v1.10.1
    Checking smol_str v0.2.2
   Compiling smithay-client-toolkit v0.20.0
    Checking dpi v0.1.2
    Checking untrusted v0.9.0
    Checking calloop-wayland-source v0.4.1
    Checking png v0.18.1
    Checking moxcms v0.8.1
    Checking egui v0.36.1
    Checking wayland-protocols-misc v0.3.12
    Checking wayland-protocols-experimental v20250721.0.1
    Checking rustc-hash v2.1.3
    Checking bytes v1.12.1
   Compiling rustls v0.23.43
    Checking byteorder-lite v0.1.0
    Checking twox-hash v2.1.4
    Checking lz4_flex v0.12.2
    Checking http v1.5.0
    Checking image v0.25.10
    Checking type-map v0.5.1
    Checking icu_normalizer v2.3.0
    Checking icu_properties v2.3.0
    Checking crossbeam-channel v0.5.16
    Checking rustls-webpki v0.103.15
    Checking polyorama-core v0.1.6 (https://github.com/robchristie/polyorama?rev=3c1c51f873de70162629a7fc4c17896f89bf7125#3c1c51f8)
    Checking siphasher v1.0.3
    Checking base64 v0.23.1
    Checking subtle v2.6.1
    Checking ureq-proto v0.6.1
    Checking phf_shared v0.12.1
    Checking idna_adapter v1.2.2
    Checking arboard v3.6.1
    Checking smithay-clipboard v0.7.3
    Checking polyorama-runtime v0.1.6 (https://github.com/robchristie/polyorama?rev=3c1c51f873de70162629a7fc4c17896f89bf7125#3c1c51f8)
    Checking webpki-roots v1.0.9
    Checking utf8-zero v0.8.1
   Compiling chrono-tz v0.10.4
    Checking idna v1.1.0
    Checking polyorama-render-wgpu v0.1.6 (https://github.com/robchristie/polyorama?rev=3c1c51f873de70162629a7fc4c17896f89bf7125#3c1c51f8)
    Checking phf v0.12.1
    Checking form_urlencoded v1.2.2
    Checking chrono v0.4.45
    Checking pollster v1.0.1
    Checking url v2.5.8
    Checking egui-wgpu v0.36.1
    Checking egui-winit v0.36.1
    Checking polyorama-ui-egui v0.1.6 (https://github.com/robchristie/polyorama?rev=3c1c51f873de70162629a7fc4c17896f89bf7125#3c1c51f8)
    Checking eframe v0.36.1
    Checking bokkie-operator-api v0.1.0 (/nvme/development/bokkie-worktrees/rust-1.99.0/crates/bokkie-operator-api)
    Checking ureq v3.4.0
    Checking ehttp v0.7.1
    Checking bokkie-attention-ui v0.1.0 (/nvme/development/bokkie-worktrees/rust-1.99.0/apps/bokkie-attention-ui)
    Finished `dev` profile [unoptimized + debuginfo] target(s) in 30.34s
