   Compiling unicode-ident v1.0.24
   Compiling proc-macro2 v1.0.107
   Compiling quote v1.0.47
   Compiling serde_core v1.0.229
    Checking cfg-if v1.0.4
   Compiling serde v1.0.229
    Checking once_cell v1.21.4
   Compiling wasm-bindgen-shared v0.2.127
   Compiling rustversion v1.0.23
   Compiling syn v3.0.4
   Compiling syn v2.0.119
   Compiling bumpalo v3.20.3
   Compiling wasm-bindgen v0.2.127
   Compiling libm v0.2.16
   Compiling autocfg v1.5.1
   Compiling num-traits v0.2.19
    Checking pin-project-lite v0.2.17
    Checking futures-task v0.3.34
    Checking slab v0.4.12
    Checking futures-core v0.3.34
    Checking futures-util v0.3.34
    Checking log v0.4.34
   Compiling thiserror v2.0.20
   Compiling cfg_aliases v0.2.2
    Checking foldhash v0.2.0
   Compiling serde_derive v1.0.229
   Compiling bytemuck_derive v1.12.0
   Compiling wasm-bindgen-macro-support v0.2.127
    Checking bytemuck v1.25.2
   Compiling thiserror-impl v2.0.20
   Compiling version_check v0.9.5
    Checking arrayvec v0.7.8
    Checking hashbrown v0.17.1
   Compiling zerocopy v0.8.56
    Checking bitflags v2.13.1
   Compiling zerocopy-derive v0.8.56
   Compiling parking_lot_core v0.9.12
    Checking equivalent v1.0.2
    Checking scopeguard v1.2.0
    Checking lock_api v0.4.14
    Checking indexmap v2.14.1
    Checking smallvec v1.16.0
    Checking rustc-hash v1.1.0
    Checking parking_lot v0.12.5
    Checking naga-types v30.0.1
   Compiling slotmap v1.1.1
   Compiling naga v30.0.1
    Checking unicode-width v0.2.2
    Checking bit-vec v0.9.1
    Checking codespan-reporting v0.13.1
    Checking bit-set v0.10.0
    Checking raw-window-handle v0.6.2
    Checking static_assertions v1.1.0
    Checking profiling v1.0.18
    Checking polycool v0.4.0
   Compiling wgpu-hal v30.0.1
   Compiling zmij v1.0.23
    Checking kurbo v0.13.1
    Checking font-types v0.12.4
   Compiling wasm-bindgen-macro v0.2.127
    Checking color v0.3.3
    Checking euclid v0.22.14
   Compiling litrs v1.0.0
   Compiling serde_json v1.0.151
    Checking linebender_resource_handle v0.1.1
    Checking peniko v0.6.1
    Checking guillotiere v0.7.0
    Checking read-fonts v0.41.0
   Compiling document-features v0.2.12
    Checking js-sys v0.3.104
   Compiling ahash v0.8.12
   Compiling wgpu-core v30.0.1
    Checking itoa v1.0.18
    Checking simd-adler32 v0.3.10
    Checking memchr v2.8.3
    Checking half v2.7.1
   Compiling unicode-general-category v1.1.0
    Checking fearless_simd v0.4.1
    Checking vello_common v0.1.0
    Checking emath v0.36.1
   Compiling wgpu v30.0.1
   Compiling crc32fast v1.5.1
    Checking adler2 v2.0.1
   Compiling crossbeam-utils v0.8.22
    Checking skrifa v0.44.0
    Checking harfrust v0.12.0
    Checking ecolor v0.36.1
    Checking vello_cpu v0.1.0
    Checking uuid v1.26.0
   Compiling tracing-attributes v0.1.31
   Compiling enumn v0.1.14
    Checking tracing-core v0.1.36
    Checking nohash-hasher v0.2.0
    Checking unicode-segmentation v1.13.3
    Checking self_cell v1.3.0
    Checking epaint_default_fonts v0.36.1
    Checking either v1.18.0
    Checking epaint v0.36.1
    Checking itertools v0.15.0
    Checking web-sys v0.3.104
    Checking wasm-bindgen-futures v0.4.77
    Checking web-time v1.1.0
    Checking tracing v0.1.44
    Checking accesskit v0.24.1
    Checking miniz_oxide v0.9.1
    Checking twox-hash v2.1.4
    Checking rustc-hash v2.1.3
    Checking type-map v0.5.1
    Checking lz4_flex v0.12.2
    Checking flate2 v1.1.10
    Checking crossbeam-channel v0.5.16
    Checking polyorama-core v0.1.6 (https://github.com/robchristie/polyorama?rev=3c1c51f873de70162629a7fc4c17896f89bf7125#3c1c51f8)
    Checking miniz_oxide v0.8.9
    Checking fdeflate v0.3.7
    Checking siphasher v1.0.3
    Checking pxfm v0.1.30
    Checking phf_shared v0.12.1
    Checking png v0.18.1
    Checking polyorama-runtime v0.1.6 (https://github.com/robchristie/polyorama?rev=3c1c51f873de70162629a7fc4c17896f89bf7125#3c1c51f8)
   Compiling chrono-tz v0.10.4
    Checking byteorder-lite v0.1.0
    Checking phf v0.12.1
    Checking chrono v0.4.45
    Checking percent-encoding v2.3.2
    Checking serde-wasm-bindgen v0.6.5
    Checking bokkie-operator-api v0.1.0 (/nvme/development/bokkie-worktrees/rust-1.99.0/crates/bokkie-operator-api)
    Checking moxcms v0.8.1
    Checking console_error_panic_hook v0.1.7
    Checking image v0.25.10
    Checking wgpu-types v30.0.1
    Checking glow v0.17.0
    Checking egui v0.36.1
    Checking ehttp v0.7.1
    Checking wgpu-naga-bridge v30.0.1
    Checking wgpu-core-deps-wasm v30.0.1
    Checking egui-wgpu v0.36.1
    Checking polyorama-render-wgpu v0.1.6 (https://github.com/robchristie/polyorama?rev=3c1c51f873de70162629a7fc4c17896f89bf7125#3c1c51f8)
    Checking eframe v0.36.1
    Checking polyorama-ui-egui v0.1.6 (https://github.com/robchristie/polyorama?rev=3c1c51f873de70162629a7fc4c17896f89bf7125#3c1c51f8)
    Checking bokkie-attention-ui v0.1.0 (/nvme/development/bokkie-worktrees/rust-1.99.0/apps/bokkie-attention-ui)
    Finished `dev` profile [unoptimized + debuginfo] target(s) in 21.05s
